// Jest Snapshot v1, https://goo.gl/fbAQLP

exports[`Home page if render matches snapshot 1`] = `
<div
  className="homePage-background"
>
  <div
    className="HomePage"
  >
    <h1
      className="text-uppercase font-weight-bold text-lg-center"
    >
      Welcome
      <br />
      to the Fuel Quote Website
      <br />
      of GROUP 33!!!
    </h1>
    <br />
    <a
      href="/login"
      onClick={[Function]}
      style={
        Object {
          "textDecoration": "none",
        }
      }
    >
      <button
        className="btn btn-outline-secondary btn-lg btn-block text-uppercase font-weight-bold"
      >
        Click here to Login!
      </button>
    </a>
  </div>
</div>
`;
